joshua@Pressfield transit-lang-cmp % k6 run -u 50 --duration 30s loadTest.js              

          /\      |‾‾| /‾‾/   /‾‾/   
     /\  /  \     |  |/  /   /  /    
    /  \/    \    |     (   /   ‾‾\  
   /          \   |  |\  \ |  (‾)  | 
  / __________ \  |__| \__\ \_____/ .io

  execution: local
     script: loadTest.js
     output: -

  scenarios: (100.00%) 1 scenario, 50 max VUs, 1m0s max duration (incl. graceful stop):
           * default: 50 looping VUs for 30s (gracefulStop: 30s)


running (0m31.8s), 00/50 VUs, 502 complete and 0 interrupted iterations
default ✓ [======================================] 50 VUs  30s

     data_received..................: 42 GB  1.3 GB/s
     data_sent......................: 4.7 MB 147 kB/s
     http_req_blocked...............: avg=2.22µs  min=0s    med=1µs     max=6.57ms   p(90)=1µs     p(95)=2µs    
     http_req_connecting............: avg=714ns   min=0s    med=0s      max=2.61ms   p(90)=0s      p(95)=0s     
     http_req_duration..............: avg=31.25ms min=53µs  med=27.05ms max=347.76ms p(90)=56.43ms p(95)=68.54ms
       { expected_response:true }...: avg=31.25ms min=53µs  med=27.05ms max=347.76ms p(90)=56.43ms p(95)=68.54ms
     http_req_failed................: 0.00%  ✓ 0           ✗ 49698
     http_req_receiving.............: avg=5.26ms  min=8µs   med=2.82ms  max=311.73ms p(90)=12.9ms  p(95)=17.08ms
     http_req_sending...............: avg=10.85µs min=1µs   med=3µs     max=18.22ms  p(90)=6µs     p(95)=11µs   
     http_req_tls_handshaking.......: avg=0s      min=0s    med=0s      max=0s       p(90)=0s      p(95)=0s     
     http_req_waiting...............: avg=25.97ms min=33µs  med=21.85ms max=242.51ms p(90)=49.7ms  p(95)=60.66ms
     http_reqs......................: 49698  1562.972921/s
     iteration_duration.............: avg=3.09s   min=1.66s med=3s      max=5.01s    p(90)=3.96s   p(95)=4.18s  
     iterations.....................: 502    15.787605/s
     vus............................: 32     min=32        max=50 
     vus_max........................: 50     min=50        max=50 

joshua@Pressfield transit-lang-cmp % k6 run -u 1 --duration 30s loadTestSmallResponses.js 

          /\      |‾‾| /‾‾/   /‾‾/   
     /\  /  \     |  |/  /   /  /    
    /  \/    \    |     (   /   ‾‾\  
   /          \   |  |\  \ |  (‾)  | 
  / __________ \  |__| \__\ \_____/ .io

  execution: local
     script: loadTestSmallResponses.js
     output: -

  scenarios: (100.00%) 1 scenario, 1 max VUs, 1m0s max duration (incl. graceful stop):
           * default: 1 looping VUs for 30s (gracefulStop: 30s)


running (0m30.0s), 0/1 VUs, 2625 complete and 0 interrupted iterations
default ✓ [======================================] 1 VUs  30s

     data_received..................: 5.8 GB 192 MB/s
     data_sent......................: 6.0 MB 199 kB/s
     http_req_blocked...............: avg=512ns    min=0s     med=0s      max=1.94ms   p(90)=1µs     p(95)=1µs    
     http_req_connecting............: avg=13ns     min=0s     med=0s      max=832µs    p(90)=0s      p(95)=0s     
     http_req_duration..............: avg=483µs    min=39µs   med=364µs   max=305.17ms p(90)=1.06ms  p(95)=1.16ms 
       { expected_response:true }...: avg=483µs    min=39µs   med=364µs   max=305.17ms p(90)=1.06ms  p(95)=1.16ms 
     http_req_failed................: 0.00%  ✓ 0          ✗ 60375
     http_req_receiving.............: avg=300.59µs min=5µs    med=173µs   max=304.99ms p(90)=873µs   p(95)=967µs  
     http_req_sending...............: avg=2.28µs   min=1µs    med=2µs     max=148µs    p(90)=3µs     p(95)=5µs    
     http_req_tls_handshaking.......: avg=0s       min=0s     med=0s      max=0s       p(90)=0s      p(95)=0s     
     http_req_waiting...............: avg=180.12µs min=27µs   med=186µs   max=12.86ms  p(90)=202µs   p(95)=209µs  
     http_reqs......................: 60375  2010.33594/s
     iteration_duration.............: avg=11.43ms  min=10.6ms med=11.13ms max=455.81ms p(90)=11.82ms p(95)=12.06ms
     iterations.....................: 2625   87.40591/s
     vus............................: 1      min=1        max=1  
     vus_max........................: 1      min=1        max=1  

joshua@Pressfield transit-lang-cmp % k6 run -u 10 --duration 30s loadTestSmallResponses.js 

          /\      |‾‾| /‾‾/   /‾‾/   
     /\  /  \     |  |/  /   /  /    
    /  \/    \    |     (   /   ‾‾\  
   /          \   |  |\  \ |  (‾)  | 
  / __________ \  |__| \__\ \_____/ .io

  execution: local
     script: loadTestSmallResponses.js
     output: -

  scenarios: (100.00%) 1 scenario, 10 max VUs, 1m0s max duration (incl. graceful stop):
           * default: 10 looping VUs for 30s (gracefulStop: 30s)


running (0m30.2s), 00/10 VUs, 13526 complete and 0 interrupted iterations
default ✓ [======================================] 10 VUs  30s

     data_received..................: 30 GB  985 MB/s
     data_sent......................: 31 MB  1.0 MB/s
     http_req_blocked...............: avg=617ns    min=0s      med=0s      max=2.67ms   p(90)=1µs     p(95)=1µs   
     http_req_connecting............: avg=10ns     min=0s      med=0s      max=603µs    p(90)=0s      p(95)=0s    
     http_req_duration..............: avg=949.13µs min=35µs    med=579µs   max=314.76ms p(90)=1.64ms  p(95)=2.01ms
       { expected_response:true }...: avg=949.13µs min=35µs    med=579µs   max=314.76ms p(90)=1.64ms  p(95)=2.01ms
     http_req_failed................: 0.00%  ✓ 0            ✗ 311098
     http_req_receiving.............: avg=500.97µs min=5µs     med=226µs   max=314.47ms p(90)=996µs   p(95)=1.44ms
     http_req_sending...............: avg=3.59µs   min=1µs     med=2µs     max=13.68ms  p(90)=4µs     p(95)=6µs   
     http_req_tls_handshaking.......: avg=0s       min=0s      med=0s      max=0s       p(90)=0s      p(95)=0s    
     http_req_waiting...............: avg=444.55µs min=25µs    med=290µs   max=46.26ms  p(90)=696µs   p(95)=1.16ms
     http_reqs......................: 311098 10293.404274/s
     iteration_duration.............: avg=22.2ms   min=10.77ms med=17.49ms max=828.2ms  p(90)=28.08ms p(95)=34.3ms
     iterations.....................: 13526  447.539316/s
     vus............................: 10     min=10         max=10  
     vus_max........................: 10     min=10         max=10  

joshua@Pressfield transit-lang-cmp % k6 run -u 50 --duration 30s loadTestSmallResponses.js 

          /\      |‾‾| /‾‾/   /‾‾/   
     /\  /  \     |  |/  /   /  /    
    /  \/    \    |     (   /   ‾‾\  
   /          \   |  |\  \ |  (‾)  | 
  / __________ \  |__| \__\ \_____/ .io

  execution: local
     script: loadTestSmallResponses.js
     output: -

  scenarios: (100.00%) 1 scenario, 50 max VUs, 1m0s max duration (incl. graceful stop):
           * default: 50 looping VUs for 30s (gracefulStop: 30s)


running (0m30.1s), 00/50 VUs, 16487 complete and 0 interrupted iterations
default ✓ [======================================] 50 VUs  30s

     data_received..................: 36 GB  1.2 GB/s
     data_sent......................: 38 MB  1.2 MB/s
     http_req_blocked...............: avg=935ns   min=0s   med=0s     max=6.16ms   p(90)=1µs      p(95)=1µs     
     http_req_connecting............: avg=213ns   min=0s   med=0s     max=1.86ms   p(90)=0s       p(95)=0s      
     http_req_duration..............: avg=3.93ms  min=41µs med=3.01ms max=315.56ms p(90)=7.43ms   p(95)=9.82ms  
       { expected_response:true }...: avg=3.93ms  min=41µs med=3.01ms max=315.56ms p(90)=7.43ms   p(95)=9.82ms  
     http_req_failed................: 0.00%  ✓ 0            ✗ 379201
     http_req_receiving.............: avg=577.6µs min=5µs  med=251µs  max=307.21ms p(90)=1.31ms   p(95)=1.87ms  
     http_req_sending...............: avg=5.53µs  min=1µs  med=2µs    max=27.84ms  p(90)=4µs      p(95)=6µs     
     http_req_tls_handshaking.......: avg=0s      min=0s   med=0s     max=0s       p(90)=0s       p(95)=0s      
     http_req_waiting...............: avg=3.35ms  min=30µs med=2.5ms  max=133.12ms p(90)=6.56ms   p(95)=8.89ms  
     http_reqs......................: 379201 12618.140439/s
     iteration_duration.............: avg=91.06ms min=24ms med=82.4ms max=622.49ms p(90)=133.74ms p(95)=152.12ms
     iterations.....................: 16487  548.614802/s
     vus............................: 50     min=50         max=50  
     vus_max........................: 50     min=50         max=50  

joshua@Pressfield transit-lang-cmp % k6 run -u 100 --duration 30s loadTestSmallResponses.js

          /\      |‾‾| /‾‾/   /‾‾/   
     /\  /  \     |  |/  /   /  /    
    /  \/    \    |     (   /   ‾‾\  
   /          \   |  |\  \ |  (‾)  | 
  / __________ \  |__| \__\ \_____/ .io

  execution: local
     script: loadTestSmallResponses.js
     output: -

  scenarios: (100.00%) 1 scenario, 100 max VUs, 1m0s max duration (incl. graceful stop):
           * default: 100 looping VUs for 30s (gracefulStop: 30s)


running (0m30.1s), 000/100 VUs, 16522 complete and 0 interrupted iterations
default ✓ [======================================] 100 VUs  30s

     data_received..................: 36 GB  1.2 GB/s
     data_sent......................: 38 MB  1.2 MB/s
     http_req_blocked...............: avg=1.31µs   min=0s      med=0s       max=8.24ms   p(90)=1µs      p(95)=1µs     
     http_req_connecting............: avg=577ns    min=0s      med=0s       max=6.14ms   p(90)=0s       p(95)=0s      
     http_req_duration..............: avg=7.87ms   min=46µs    med=6.47ms   max=336.16ms p(90)=13.76ms  p(95)=16.76ms 
       { expected_response:true }...: avg=7.87ms   min=46µs    med=6.47ms   max=336.16ms p(90)=13.76ms  p(95)=16.76ms 
     http_req_failed................: 0.00%  ✓ 0           ✗ 380006
     http_req_receiving.............: avg=719.65µs min=5µs     med=260µs    max=312.12ms p(90)=1.46ms   p(95)=2.23ms  
     http_req_sending...............: avg=6.86µs   min=1µs     med=2µs      max=19.38ms  p(90)=4µs      p(95)=7µs     
     http_req_tls_handshaking.......: avg=0s       min=0s      med=0s       max=0s       p(90)=0s       p(95)=0s      
     http_req_waiting...............: avg=7.15ms   min=31µs    med=5.86ms   max=154.92ms p(90)=12.93ms  p(95)=15.8ms  
     http_reqs......................: 380006 12625.57011/s
     iteration_duration.............: avg=181.84ms min=66.29ms med=170.93ms max=768.6ms  p(90)=230.72ms p(95)=280.18ms
     iterations.....................: 16522  548.937831/s
     vus............................: 100    min=100       max=100 
     vus_max........................: 100    min=100       max=100 

joshua@Pressfield transit-lang-cmp % 
