joshua@Pressfield transit-lang-cmp % k6 run -u 50 --duration 30s loadTest.js              

          /\      |‾‾| /‾‾/   /‾‾/   
     /\  /  \     |  |/  /   /  /    
    /  \/    \    |     (   /   ‾‾\  
   /          \   |  |\  \ |  (‾)  | 
  / __________ \  |__| \__\ \_____/ .io

  execution: local
     script: loadTest.js
     output: -

  scenarios: (100.00%) 1 scenario, 50 max VUs, 1m0s max duration (incl. graceful stop):
           * default: 50 looping VUs for 30s (gracefulStop: 30s)


running (0m32.1s), 00/50 VUs, 474 complete and 0 interrupted iterations
default ✓ [======================================] 50 VUs  30s

     data_received..................: 39 GB  1.2 GB/s
     data_sent......................: 4.4 MB 138 kB/s
     http_req_blocked...............: avg=2.95µs  min=0s    med=1µs     max=5.79ms   p(90)=1µs     p(95)=2µs    
     http_req_connecting............: avg=1.34µs  min=0s    med=0s      max=3.37ms   p(90)=0s      p(95)=0s     
     http_req_duration..............: avg=33.13ms min=59µs  med=28.04ms max=393.52ms p(90)=61.22ms p(95)=74.25ms
       { expected_response:true }...: avg=33.13ms min=59µs  med=28.04ms max=393.52ms p(90)=61.22ms p(95)=74.25ms
     http_req_failed................: 0.00%  ✓ 0           ✗ 46926
     http_req_receiving.............: avg=5.53ms  min=8µs   med=2.84ms  max=343.7ms  p(90)=13.4ms  p(95)=18.22ms
     http_req_sending...............: avg=8.23µs  min=1µs   med=3µs     max=8.99ms   p(90)=6µs     p(95)=10µs   
     http_req_tls_handshaking.......: avg=0s      min=0s    med=0s      max=0s       p(90)=0s      p(95)=0s     
     http_req_waiting...............: avg=27.58ms min=31µs  med=22.72ms max=211.7ms  p(90)=54.03ms p(95)=66.39ms
     http_reqs......................: 46926  1464.053929/s
     iteration_duration.............: avg=3.28s   min=1.42s med=3.15s   max=6.33s    p(90)=4.3s    p(95)=4.49s  
     iterations.....................: 474    14.788424/s
     vus............................: 3      min=3         max=50 
     vus_max........................: 50     min=50        max=50 

joshua@Pressfield transit-lang-cmp % k6 run -u 1 --duration 30s loadTestSmallResponses.js 

          /\      |‾‾| /‾‾/   /‾‾/   
     /\  /  \     |  |/  /   /  /    
    /  \/    \    |     (   /   ‾‾\  
   /          \   |  |\  \ |  (‾)  | 
  / __________ \  |__| \__\ \_____/ .io

  execution: local
     script: loadTestSmallResponses.js
     output: -

  scenarios: (100.00%) 1 scenario, 1 max VUs, 1m0s max duration (incl. graceful stop):
           * default: 1 looping VUs for 30s (gracefulStop: 30s)


running (0m30.0s), 0/1 VUs, 2680 complete and 0 interrupted iterations
default ✓ [======================================] 1 VUs  30s

     data_received..................: 5.9 GB 197 MB/s
     data_sent......................: 6.1 MB 203 kB/s
     http_req_blocked...............: avg=482ns    min=0s      med=0s      max=650µs    p(90)=1µs     p(95)=1µs    
     http_req_connecting............: avg=4ns      min=0s      med=0s      max=262µs    p(90)=0s      p(95)=0s     
     http_req_duration..............: avg=472.26µs min=39µs    med=354µs   max=304.65ms p(90)=1.03ms  p(95)=1.14ms 
       { expected_response:true }...: avg=472.26µs min=39µs    med=354µs   max=304.65ms p(90)=1.03ms  p(95)=1.14ms 
     http_req_failed................: 0.00%  ✓ 0           ✗ 61640
     http_req_receiving.............: avg=292.9µs  min=7µs     med=167µs   max=304.44ms p(90)=852µs   p(95)=944µs  
     http_req_sending...............: avg=2.26µs   min=1µs     med=2µs     max=116µs    p(90)=3µs     p(95)=5µs    
     http_req_tls_handshaking.......: avg=0s       min=0s      med=0s      max=0s       p(90)=0s      p(95)=0s     
     http_req_waiting...............: avg=177.09µs min=27µs    med=182µs   max=14.83ms  p(90)=200µs   p(95)=207µs  
     http_reqs......................: 61640  2054.234113/s
     iteration_duration.............: avg=11.19ms  min=10.36ms med=10.91ms max=315.63ms p(90)=11.59ms p(95)=11.86ms
     iterations.....................: 2680   89.314527/s
     vus............................: 1      min=1         max=1  
     vus_max........................: 1      min=1         max=1  

joshua@Pressfield transit-lang-cmp % k6 run -u 10 --duration 30s loadTestSmallResponses.js 

          /\      |‾‾| /‾‾/   /‾‾/   
     /\  /  \     |  |/  /   /  /    
    /  \/    \    |     (   /   ‾‾\  
   /          \   |  |\  \ |  (‾)  | 
  / __________ \  |__| \__\ \_____/ .io

  execution: local
     script: loadTestSmallResponses.js
     output: -

  scenarios: (100.00%) 1 scenario, 10 max VUs, 1m0s max duration (incl. graceful stop):
           * default: 10 looping VUs for 30s (gracefulStop: 30s)


running (0m30.1s), 00/10 VUs, 12852 complete and 0 interrupted iterations
default ✓ [======================================] 10 VUs  30s

     data_received..................: 28 GB  938 MB/s
     data_sent......................: 29 MB  970 kB/s
     http_req_blocked...............: avg=588ns    min=0s      med=0s      max=755µs    p(90)=1µs     p(95)=1µs    
     http_req_connecting............: avg=13ns     min=0s      med=0s      max=519µs    p(90)=0s      p(95)=0s     
     http_req_duration..............: avg=998.97µs min=36µs    med=593µs   max=308.97ms p(90)=1.68ms  p(95)=2.08ms 
       { expected_response:true }...: avg=998.97µs min=36µs    med=593µs   max=308.97ms p(90)=1.68ms  p(95)=2.08ms 
     http_req_failed................: 0.00%  ✓ 0          ✗ 295596
     http_req_receiving.............: avg=510.72µs min=5µs     med=226µs   max=308.21ms p(90)=1.01ms  p(95)=1.42ms 
     http_req_sending...............: avg=3.55µs   min=1µs     med=2µs     max=8.04ms   p(90)=4µs     p(95)=6µs    
     http_req_tls_handshaking.......: avg=0s       min=0s      med=0s      max=0s       p(90)=0s      p(95)=0s     
     http_req_waiting...............: avg=484.7µs  min=26µs    med=301µs   max=63.75ms  p(90)=766µs   p(95)=1.2ms  
     http_reqs......................: 295596 9806.83134/s
     iteration_duration.............: avg=23.35ms  min=10.47ms med=17.96ms max=452.57ms p(90)=31.78ms p(95)=41.23ms
     iterations.....................: 12852  426.383971/s
     vus............................: 10     min=10       max=10  
     vus_max........................: 10     min=10       max=10  

joshua@Pressfield transit-lang-cmp % k6 run -u 50 --duration 30s loadTestSmallResponses.js 

          /\      |‾‾| /‾‾/   /‾‾/   
     /\  /  \     |  |/  /   /  /    
    /  \/    \    |     (   /   ‾‾\  
   /          \   |  |\  \ |  (‾)  | 
  / __________ \  |__| \__\ \_____/ .io

  execution: local
     script: loadTestSmallResponses.js
     output: -

  scenarios: (100.00%) 1 scenario, 50 max VUs, 1m0s max duration (incl. graceful stop):
           * default: 50 looping VUs for 30s (gracefulStop: 30s)


running (0m30.1s), 00/50 VUs, 14889 complete and 0 interrupted iterations
default ✓ [======================================] 50 VUs  30s

     data_received..................: 33 GB  1.1 GB/s
     data_sent......................: 34 MB  1.1 MB/s
     http_req_blocked...............: avg=859ns    min=0s      med=0s      max=5.41ms   p(90)=1µs      p(95)=1µs     
     http_req_connecting............: avg=180ns    min=0s      med=0s      max=3.17ms   p(90)=0s       p(95)=0s      
     http_req_duration..............: avg=4.36ms   min=38µs    med=3.2ms   max=369.88ms p(90)=7.86ms   p(95)=11.08ms 
       { expected_response:true }...: avg=4.36ms   min=38µs    med=3.2ms   max=369.88ms p(90)=7.86ms   p(95)=11.08ms 
     http_req_failed................: 0.00%  ✓ 0            ✗ 342447
     http_req_receiving.............: avg=593.25µs min=5µs     med=253µs   max=307.31ms p(90)=1.29ms   p(95)=1.8ms   
     http_req_sending...............: avg=6.09µs   min=1µs     med=2µs     max=15.07ms  p(90)=4µs      p(95)=6µs     
     http_req_tls_handshaking.......: avg=0s       min=0s      med=0s      max=0s       p(90)=0s       p(95)=0s      
     http_req_waiting...............: avg=3.76ms   min=28µs    med=2.68ms  max=127.46ms p(90)=6.98ms   p(95)=10.02ms 
     http_reqs......................: 342447 11387.950037/s
     iteration_duration.............: avg=100.85ms min=37.99ms med=91.79ms max=866.7ms  p(90)=149.25ms p(95)=173.36ms
     iterations.....................: 14889  495.128262/s
     vus............................: 50     min=50         max=50  
     vus_max........................: 50     min=50         max=50  

joshua@Pressfield transit-lang-cmp % k6 run -u 100 --duration 30s loadTestSmallResponses.js

          /\      |‾‾| /‾‾/   /‾‾/   
     /\  /  \     |  |/  /   /  /    
    /  \/    \    |     (   /   ‾‾\  
   /          \   |  |\  \ |  (‾)  | 
  / __________ \  |__| \__\ \_____/ .io

  execution: local
     script: loadTestSmallResponses.js
     output: -

  scenarios: (100.00%) 1 scenario, 100 max VUs, 1m0s max duration (incl. graceful stop):
           * default: 100 looping VUs for 30s (gracefulStop: 30s)


running (0m30.2s), 000/100 VUs, 14866 complete and 0 interrupted iterations
default ✓ [======================================] 100 VUs  30s

     data_received..................: 33 GB  1.1 GB/s
     data_sent......................: 34 MB  1.1 MB/s
     http_req_blocked...............: avg=1.52µs   min=0s      med=0s       max=12.6ms   p(90)=1µs      p(95)=1µs     
     http_req_connecting............: avg=768ns    min=0s      med=0s       max=4.91ms   p(90)=0s       p(95)=0s      
     http_req_duration..............: avg=8.76ms   min=41µs    med=6.84ms   max=334.01ms p(90)=15.61ms  p(95)=20.65ms 
       { expected_response:true }...: avg=8.76ms   min=41µs    med=6.84ms   max=334.01ms p(90)=15.61ms  p(95)=20.65ms 
     http_req_failed................: 0.00%  ✓ 0            ✗ 341918
     http_req_receiving.............: avg=652.72µs min=5µs     med=258µs    max=313.38ms p(90)=1.36ms   p(95)=1.93ms  
     http_req_sending...............: avg=6.74µs   min=1µs     med=2µs      max=12.89ms  p(90)=4µs      p(95)=7µs     
     http_req_tls_handshaking.......: avg=0s       min=0s      med=0s       max=0s       p(90)=0s       p(95)=0s      
     http_req_waiting...............: avg=8.1ms    min=30µs    med=6.29ms   max=131.76ms p(90)=14.67ms  p(95)=19.82ms 
     http_reqs......................: 341918 11321.575144/s
     iteration_duration.............: avg=202.22ms min=87.57ms med=190.58ms max=753.88ms p(90)=267.93ms p(95)=317.22ms
     iterations.....................: 14866  492.242398/s
     vus............................: 100    min=100        max=100 
     vus_max........................: 100    min=100        max=100 

joshua@Pressfield transit-lang-cmp % 
